[32m✔[0m [33mConsole Ninja[0m extension is connected to [33mAngular[0m, see [36mhttps://tinyurl.com/2vt8jxzw[0m
[33m❯[39m Building...
[32m✔[39m Building...
[1mInitial chunk files[22m[2m | [22m[1mNames[22m                    [2m | [22m [1mRaw size[22m
[32mstyles.css[39m         [2m | [22m[2mstyles[22m                   [2m | [22m  [36m9.10 kB[39m[2m | [22m
[32mmain.js[39m            [2m | [22m[2mmain[22m                     [2m | [22m  [36m6.38 kB[39m[2m | [22m
[32mchunk-HXYTIRNX.js[39m  [2m | [22m[2m-[22m                        [2m | [22m  [36m1.62 kB[39m[2m | [22m
[32mchunk-VUJOFXKG.js[39m  [2m | [22m[2m-[22m                        [2m | [22m[36m938 bytes[39m[2m | [22m
[32mchunk-C2EJJ7KQ.js[39m  [2m | [22m[2m-[22m                        [2m | [22m[36m506 bytes[39m[2m | [22m
[32mpolyfills.js[39m       [2m | [22m[2mpolyfills[22m                [2m | [22m [36m95 bytes[39m[2m | [22m

[1m [22m                  [2m | [22m[1mInitial total[22m            [2m | [22m [1m18.64 kB[22m

[1mLazy chunk files[22m   [2m | [22m[1mNames[22m                    [2m | [22m [1mRaw size[22m
[32mchunk-2IRUZJJ7.js[39m  [2m | [22m[2mdashboard-component[22m      [2m | [22m [36m46.58 kB[39m[2m | [22m
[32mchunk-VBZ3JSVK.js[39m  [2m | [22m[2mbudgets-component[22m        [2m | [22m [36m37.91 kB[39m[2m | [22m
[32mchunk-LQEGZGFF.js[39m  [2m | [22m[2mtransactions-component[22m   [2m | [22m [36m26.74 kB[39m[2m | [22m
[32mchunk-QMOJFSTQ.js[39m  [2m | [22m[2maccounts-component[22m       [2m | [22m [36m22.42 kB[39m[2m | [22m
[32mchunk-24LEPRNW.js[39m  [2m | [22m[2madd-transaction-component[22m[2m | [22m [36m22.20 kB[39m[2m | [22m
[32mchunk-IAQIAO7P.js[39m  [2m | [22m[2m-[22m                        [2m | [22m [36m11.99 kB[39m[2m | [22m
[32mchunk-SXUSP74Q.js[39m  [2m | [22m[2mauth-page-component[22m      [2m | [22m [36m10.70 kB[39m[2m | [22m
[32mchunk-XFN6VG6A.js[39m  [2m | [22m[2msettings-component[22m       [2m | [22m [36m10.06 kB[39m[2m | [22m
[32mchunk-XXA725ZO.js[39m  [2m | [22m[2mlayout-component[22m         [2m | [22m  [36m8.94 kB[39m[2m | [22m
[32mchunk-UN6DCB7I.js[39m  [2m | [22m[2m-[22m                        [2m | [22m  [36m4.67 kB[39m[2m | [22m
[32mchunk-K3I3YA6J.js[39m  [2m | [22m[2munlock-component[22m         [2m | [22m  [36m2.78 kB[39m[2m | [22m
[32mchunk-4TCY6EQV.js[39m  [2m | [22m[2m-[22m                        [2m | [22m  [36m2.09 kB[39m[2m | [22m
[32mchunk-GDPHBEDL.js[39m  [2m | [22m[2m-[22m                        [2m | [22m[36m922 bytes[39m[2m | [22m

Application bundle generation complete. [6.394 seconds] - 2026-09-03T17:41:53.166Z

Watch mode enabled. Watching for file changes...
NOTE: Raw file sizes do not reflect development server per-request transformations.
[2m13:41:53[22m [36m[1m[vite][22m[39m [90m[2m(client)[22m[39m Re-optimizing dependencies because vite config has changed
  [32m➜[39m  [1mLocal[22m:   [36mhttp://localhost:[1m4211[22m/[39m
[2m[32m  ➜[39m[22m[2m  press [22m[1mh + enter[22m[2m to show help[22m
